Aco
Aco
Aco
Aco
Aco
Kbich
Aco
Kbich
Aco
Aco
Kbich
Kbich
Aco
Aco
Kbich
Kbich
Kbich
Kbich
Aco
Kbich
Aco
Aco
Aco
Kbich
Aco
Aco
Aco
Aco
Aco
Kbich
Aco
Aco
Aco
Aco
Aco
Kbich
Aco
Kbich
Kbich
Aco
Aco
Aco
Aco
Aco
Aco
Kbich
Aco
Aco
Aco
Aco
Aco
Aco
Kbich
Kbich
Aco
Aco
Kbich
Aco
Kbich
Kbich
Kbich
Kbich
Aco
Aco
Kbich
Kbich
Aco
Kbich
Kbich
Aco
Aco
Aco
Kbich
Aco
Kbich
Kbich
Kbich
Aco
Kbich
Kbich
Aco
Kbich
Aco
Aco
Kbich
Kbich
Kbich
Aco
Aco
Aco
Aco
Kbich
Aco
Kbich
Kbich
Kbich
Aco
Aco
Kbich
Aco
